// Jest Snapshot v1, https://goo.gl/fbAQLP

exports[`AlexaImageListItem: AlexaImageListItem 1`] = `
{
  "defaultImageSource": "",
  "onCursorEnter": [
    {
      "arguments": [
        "unique",
      ],
      "type": "SendEvent",
    },
  ],
  "onCursorExit": [
    {
      "arguments": [
        "unique",
      ],
      "type": "SendEvent",
    },
  ],
  "onMount": [
    {
      "arguments": [
        "unique",
      ],
      "type": "SendEvent",
    },
  ],
  "primaryText": "txt",
  "providerText": "provider",
  "type": "AlexaImageListItem",
}
`;
