// Jest Snapshot v1, https://goo.gl/fbAQLP

exports[`AlexaBackground: AlexaBackground 1`] = `
{
  "handleTick": [
    {
      "commands": [
        {
          "arguments": [
            "unique",
          ],
          "type": "SendEvent",
        },
      ],
    },
  ],
  "onCursorEnter": [
    {
      "arguments": [
        "unique",
      ],
      "type": "SendEvent",
    },
  ],
  "onCursorExit": [
    {
      "arguments": [
        "unique",
      ],
      "type": "SendEvent",
    },
  ],
  "onMount": [
    {
      "arguments": [
        "unique",
      ],
      "type": "SendEvent",
    },
  ],
  "type": "AlexaBackground",
}
`;
