// Jest Snapshot v1, https://goo.gl/fbAQLP

exports[`AlexaTextListItem: AlexaTextListItem 1`] = `
{
  "onCursorEnter": [
    {
      "arguments": [
        "unique",
      ],
      "type": "SendEvent",
    },
  ],
  "onCursorExit": [
    {
      "arguments": [
        "unique",
      ],
      "type": "SendEvent",
    },
  ],
  "onMount": [
    {
      "arguments": [
        "unique",
      ],
      "type": "SendEvent",
    },
  ],
  "primaryAction": {
    "arguments": [
      "unique",
    ],
    "type": "SendEvent",
  },
  "type": "AlexaTextListItem",
}
`;
