// Jest Snapshot v1, https://goo.gl/fbAQLP

exports[`DoublePressGesture: DoublePressGesture 1`] = `
{
  "onDoublePress": [
    {
      "arguments": [
        "unique",
      ],
      "type": "SendEvent",
    },
  ],
  "onSinglePress": [
    {
      "arguments": [
        "unique",
      ],
      "type": "SendEvent",
    },
  ],
  "type": "DoublePress",
}
`;
