// Jest Snapshot v1, https://goo.gl/fbAQLP

exports[`SwipeAwayGesture: SwipeAwayGesture 1`] = `
{
  "direction": "left",
  "onSwipeDone": [
    {
      "arguments": [
        "unique",
      ],
      "type": "SendEvent",
    },
  ],
  "onSwipeMove": [
    {
      "arguments": [
        "unique",
      ],
      "type": "SendEvent",
    },
  ],
  "type": "SwipeAway",
}
`;
